#-----------------------------------------------------------
# Vivado v2018.2 (64-bit)
# SW Build 2258646 on Thu Jun 14 20:03:12 MDT 2018
# IP Build 2256618 on Thu Jun 14 22:10:49 MDT 2018
# Start of session at: Tue Aug 29 13:06:07 2023
# Process ID: 8200
# Current directory: C:/Users/Jonathan/Desktop/NUS Y1S2/EE2026/lab_1
# Command line: vivado.exe -gui_launcher_event rodinguilauncherevent16432 C:\Users\Jonathan\Desktop\NUS Y1S2\EE2026\lab_1\lab_1.xpr
# Log file: C:/Users/Jonathan/Desktop/NUS Y1S2/EE2026/lab_1/vivado.log
# Journal file: C:/Users/Jonathan/Desktop/NUS Y1S2/EE2026/lab_1\vivado.jou
#-----------------------------------------------------------
start_gui
open_project {C:/Users/Jonathan/Desktop/NUS Y1S2/EE2026/lab_1/lab_1.xpr}
update_compile_order -fileset sources_1
archive_project {C:/Users/Jonathan/Desktop/NUS Y1S2/EE2026/lab_1.xpr.zip} -temp_dir {C:/Users/Jonathan/Desktop/NUS Y1S2/EE2026/lab_1/.Xil/Vivado-8200-DESKTOP-LCE76TL} -force -include_local_ip_cache -include_config_settings
